<area shape="rect" href="$base_8h.html" title="Public declarations for Data Types, Data Interface, and Handles Modules." alt="" coords="376,84,445,111">
<area shape="rect" href="$storage_8h.html" title="Public declarations for Simple Data Objects Module." alt="" coords="469,84,557,111">
<area shape="rect" href="$library_8h.html" title="Public declarations for the Library Module." alt="" coords="581,84,659,111">
<area shape="rect" href="$dataset_8h.html" title="Public declarations for the Dataset Module." alt="" coords="683,84,771,111">
<area shape="rect" href="$mesh_8h.html" title="Public declarations for the Mesh Module." alt="" coords="795,84,869,111">
<area shape="rect" href="$subset_8h.html" title="Public declarations for Subset module." alt="" coords="893,84,973,111">
<area shape="rect" href="$variable_8h.html" title="Public declarations for Variable Module." alt="" coords="997,84,1091,111">
<area shape="rect" href="$fileio_8h.html" title="Public declarations for File IO module." alt="" coords="1092,161,1161,188">
<area shape="rect" href="$geom_8h.html" title="Public declarations for Geometric Relations module." alt="" coords="1387,84,1464,111">
<area shape="rect" href="$topo_8h.html" title="Public declarations for Topological Relations module." alt="" coords="1488,84,1555,111">
<area shape="rect" href="$feature_8h.html" title="Public declarations for Features module." alt="" coords="1579,84,1667,111">
<area shape="rect" href="$track_8h.html" title="Declaration of tracking routines." alt="" coords="1691,84,1760,111">
<area shape="rect" href="$util_8h.html" title="Public declarations for Utilities module." alt="" coords="152,84,208,111">
<area shape="rect" href="$datasetP_8h.html" title="Private declarations for the Dataset module." alt="" coords="1165,84,1259,111">
<area shape="rect" href="$meshP_8h.html" title="Private declarations for the Mesh module." alt="" coords="1283,84,1363,111">
<area shape="rect" href="$custom_8h.html" title="Declarations for Custom module." alt="" coords="1784,84,1872,111">
<area shape="rect" href="$statistics_8h.html" title="Public declarations for Statistics Routines module." alt="" coords="1385,161,1481,188">
<area shape="rect" href="$tableP_8h.html" title="Private declarations for Table (Private) module." alt="" coords="1185,161,1263,188">
<area shape="rect" href="$fileioP_8h.html" title="Private declarations for File IO module." alt="" coords="1287,161,1361,188">
<area shape="rect" href="$lsdynaioP_8h.html" title="Private declarations for (Private LS&#45;Dyna IO) module." alt="" coords="1275,239,1373,265">
