<area shape="rect" href="$base_8h.html" title="Public declarations for Data Types, Data Interface, and Handles Modules." alt="" coords="347,84,416,111">
<area shape="rect" href="$storage_8h.html" title="Public declarations for Simple Data Objects Module." alt="" coords="440,84,528,111">
<area shape="rect" href="$library_8h.html" title="Public declarations for the Library Module." alt="" coords="552,84,629,111">
<area shape="rect" href="$variable_8h.html" title="Public declarations for Variable Module." alt="" coords="653,84,747,111">
<area shape="rect" href="$subset_8h.html" title="Public declarations for Subset module." alt="" coords="771,84,851,111">
<area shape="rect" href="$geom_8h.html" title="Public declarations for Geometric Relations module." alt="" coords="101,84,179,111">
<area shape="rect" href="$topo_8h.html" title="Public declarations for Topological Relations module." alt="" coords="955,84,1021,111">
<area shape="rect" href="$threshold_8h.html" title="Public declarations for Threshold module." alt="" coords="1045,84,1147,111">
<area shape="rect" href="$shape_8h.html" title="Declarations for Shape module." alt="" coords="1171,84,1248,111">
<area shape="rect" href="$sequence_8h.html" title="Public declarations for the Sequence Module." alt="" coords="1272,84,1376,111">
<area shape="rect" href="$feature_8h.html" title="Public declarations for Features module." alt="" coords="1400,84,1488,111">
<area shape="rect" href="$track_8h.html" title="Declaration of tracking routines." alt="" coords="1512,84,1581,111">
<area shape="rect" href="$util_8h.html" title="Public declarations for Utilities module." alt="" coords="875,84,931,111">
<area shape="rect" href="$elemdeathP_8h.html" title="Private declarations for Element Death module." alt="" coords="1656,84,1776,111">
<area shape="rect" href="$elemdeath_8h.html" title="Declarations for Element Death module." alt="" coords="1800,84,1915,111">
<area shape="rect" href="$statistics_8h.html" title="Public declarations for Statistics Routines module." alt="" coords="92,161,188,188">
