<area shape="rect" href="$base_8h.html" title="Public declarations for Data Types, Data Interface, and Handles Modules." alt="" coords="293,84,363,111">
<area shape="rect" href="$storage_8h.html" title="Public declarations for Simple Data Objects Module." alt="" coords="387,84,475,111">
<area shape="rect" href="$library_8h.html" title="Public declarations for the Library Module." alt="" coords="499,84,576,111">
<area shape="rect" href="$dataset_8h.html" title="Public declarations for the Dataset Module." alt="" coords="600,84,688,111">
<area shape="rect" href="$sequence_8h.html" title="Public declarations for the Sequence Module." alt="" coords="712,84,816,111">
<area shape="rect" href="$mesh_8h.html" title="Public declarations for the Mesh Module." alt="" coords="840,84,915,111">
<area shape="rect" href="$subset_8h.html" title="Public declarations for Subset module." alt="" coords="939,84,1019,111">
<area shape="rect" href="$variable_8h.html" title="Public declarations for Variable Module." alt="" coords="1043,84,1136,111">
<area shape="rect" href="$tableP_8h.html" title="Private declarations for Table (Private) module." alt="" coords="1348,161,1425,188">
<area shape="rect" href="$libraryP_8h.html" title="Private declarations for the Library module." alt="" coords="1797,84,1883,111">
<area shape="rect" href="$datasetP_8h.html" title="Private declarations for the Dataset module." alt="" coords="1333,84,1427,111">
<area shape="rect" href="$sequenceP_8h.html" title="Private declarations for the Sequence module." alt="" coords="1451,84,1560,111">
<area shape="rect" href="$subsetP_8h.html" title="Private declarations for the Subset module." alt="" coords="1584,84,1669,111">
<area shape="rect" href="$meshP_8h.html" title="Private declarations for the Mesh module." alt="" coords="1693,84,1773,111">
<area shape="rect" href="$variableP_8h.html" title="Private declarations for Variable module." alt="" coords="1211,84,1309,111">
<area shape="rect" href="$util_8h.html" title="Public declarations for Utilities module." alt="" coords="1907,84,1963,111">
<area shape="rect" href="$exodusioP_8h.html" title="Private declarations for (Private Exodus IO) module." alt="" coords="2133,84,2237,111">
<area shape="rect" href="$fileio_8h.html" title="Public declarations for File IO module." alt="" coords="1560,161,1629,188">
<area shape="rect" href="$fileioP_8h.html" title="Private declarations for File IO module." alt="" coords="1461,161,1536,188">
<area shape="rect" href="$lsdynaioP_8h.html" title="Private declarations for (Private LS&#45;Dyna IO) module." alt="" coords="1449,239,1548,265">
