<area shape="rect" href="$storageP_8h.html" title="Private declarations for Simple Data Objects Module." alt="" coords="5,84,99,111">
<area shape="rect" href="$tableP_8h.html" title="Private declarations for Table (Private) module." alt="" coords="304,161,381,188">
<area shape="rect" href="$libraryP_8h.html" title="Private declarations for the Library module." alt="" coords="811,84,896,111">
<area shape="rect" href="$datasetP_8h.html" title="Private declarations for the Dataset module." alt="" coords="405,84,499,111">
<area shape="rect" href="$fileioP_8h.html" title="Private declarations for File IO module." alt="" coords="525,161,600,188">
<area shape="rect" href="$sequenceP_8h.html" title="Private declarations for the Sequence module." alt="" coords="523,84,632,111">
<area shape="rect" href="$meshP_8h.html" title="Private declarations for the Mesh module." alt="" coords="656,84,736,111">
<area shape="rect" href="$subsetP_8h.html" title="Private declarations for the Subset module." alt="" coords="173,84,259,111">
<area shape="rect" href="$variableP_8h.html" title="Private declarations for Variable module." alt="" coords="283,84,381,111">
<area shape="rect" href="$geomP_8h.html" title="Private declarations for Geometric Relations module." alt="" coords="920,84,1003,111">
<area shape="rect" href="$sierraP_8h.html" title="Priate declarations for the Sierra module." alt="" coords="1027,84,1107,111">
<area shape="rect" href="$topoP_8h.html" title="Private declarations for Topological Relations module." alt="" coords="1131,84,1203,111">
<area shape="rect" href="$varmathP_8h.html" title="Private declarations for Variable Math module." alt="" coords="1227,84,1328,111">
<area shape="rect" href="$featureP_8h.html" title="Private declarations for Features module." alt="" coords="1352,84,1445,111">
<area shape="rect" href="$fileio_8h.html" title="Public declarations for File IO module." alt="" coords="417,161,487,188">
<area shape="rect" href="$lsdynaioP_8h.html" title="Private declarations for (Private LS&#45;Dyna IO) module." alt="" coords="513,239,612,265">
