<area shape="rect" href="$base_8h.html" title="Public declarations for Data Types, Data Interface, and Handles Modules." alt="" coords="403,84,472,111">
<area shape="rect" href="$storage_8h.html" title="Public declarations for Simple Data Objects Module." alt="" coords="496,84,584,111">
<area shape="rect" href="$library_8h.html" title="Public declarations for the Library Module." alt="" coords="608,84,685,111">
<area shape="rect" href="$dataset_8h.html" title="Public declarations for the Dataset Module." alt="" coords="709,84,797,111">
<area shape="rect" href="$sequence_8h.html" title="Public declarations for the Sequence Module." alt="" coords="821,84,925,111">
<area shape="rect" href="$mesh_8h.html" title="Public declarations for the Mesh Module." alt="" coords="949,84,1024,111">
<area shape="rect" href="$subset_8h.html" title="Public declarations for Subset module." alt="" coords="1048,84,1128,111">
<area shape="rect" href="$variable_8h.html" title="Public declarations for Variable Module." alt="" coords="1152,84,1245,111">
<area shape="rect" href="$tableP_8h.html" title="Private declarations for Table (Private) module." alt="" coords="1595,161,1672,188">
<area shape="rect" href="$libraryP_8h.html" title="Private declarations for the Library module." alt="" coords="2008,84,2093,111">
<area shape="rect" href="$datasetP_8h.html" title="Private declarations for the Dataset module." alt="" coords="1320,84,1413,111">
<area shape="rect" href="$fileio_8h.html" title="Public declarations for File IO module." alt="" coords="1733,161,1803,188">
<area shape="rect" href="$fileioP_8h.html" title="Private declarations for File IO module." alt="" coords="1463,161,1537,188">
<area shape="rect" href="$sequenceP_8h.html" title="Private declarations for the Sequence module." alt="" coords="1560,84,1669,111">
<area shape="rect" href="$subsetP_8h.html" title="Private declarations for the Subset module." alt="" coords="1744,84,1829,111">
<area shape="rect" href="$meshP_8h.html" title="Private declarations for the Mesh module." alt="" coords="1853,84,1933,111">
<area shape="rect" href="$variableP_8h.html" title="Private declarations for Variable module." alt="" coords="1437,84,1536,111">
<area shape="rect" href="$util_8h.html" title="Public declarations for Utilities module." alt="" coords="2117,84,2173,111">
<area shape="rect" href="$lsdynaioP_8h.html" title="Private declarations for (Private LS&#45;Dyna IO) module." alt="" coords="1451,239,1549,265">
