<area shape="rect" href="$fc_8h.html" title="Master header file for FCLib." alt="" coords="1236,84,1284,111">
<area shape="rect" href="$lib__skeleton_8h.html" title="lib_skeleton.h" alt="" coords="1308,84,1428,111">
<area shape="rect" href="$base_8h.html" title="Public declarations for Data Types, Data Interface, and Handles Modules." alt="" coords="195,161,264,188">
<area shape="rect" href="$storage_8h.html" title="Public declarations for Simple Data Objects Module." alt="" coords="288,161,376,188">
<area shape="rect" href="$library_8h.html" title="Public declarations for the Library Module." alt="" coords="400,161,477,188">
<area shape="rect" href="$dataset_8h.html" title="Public declarations for the Dataset Module." alt="" coords="501,161,589,188">
<area shape="rect" href="$sequence_8h.html" title="Public declarations for the Sequence Module." alt="" coords="613,161,717,188">
<area shape="rect" href="$mesh_8h.html" title="Public declarations for the Mesh Module." alt="" coords="741,161,816,188">
<area shape="rect" href="$subset_8h.html" title="Public declarations for Subset module." alt="" coords="840,161,920,188">
<area shape="rect" href="$variable_8h.html" title="Public declarations for Variable Module." alt="" coords="944,161,1037,188">
<area shape="rect" href="$feature_8h.html" title="Public declarations for Features module." alt="" coords="1061,161,1149,188">
<area shape="rect" href="$shape_8h.html" title="Declarations for Shape module." alt="" coords="1173,161,1251,188">
<area shape="rect" href="$fileio_8h.html" title="Public declarations for File IO module." alt="" coords="1275,161,1344,188">
<area shape="rect" href="$error_8h.html" title="Declarations for Error Handling Module." alt="" coords="1368,161,1435,188">
<area shape="rect" href="$geom_8h.html" title="Public declarations for Geometric Relations module." alt="" coords="1459,161,1536,188">
<area shape="rect" href="$statistics_8h.html" title="Public declarations for Statistics Routines module." alt="" coords="1487,239,1583,265">
<area shape="rect" href="$sierra_8h.html" title="Public declarations for the Sierra module." alt="" coords="1611,161,1685,188">
<area shape="rect" href="$threshold_8h.html" title="Public declarations for Threshold module." alt="" coords="1709,161,1811,188">
<area shape="rect" href="$elemdeath_8h.html" title="Declarations for Element Death module." alt="" coords="1835,161,1949,188">
<area shape="rect" href="$series_8h.html" title="Public declarations for Series Routines module." alt="" coords="1973,161,2048,188">
<area shape="rect" href="$topo_8h.html" title="Public declarations for Topological Relations module." alt="" coords="2072,161,2139,188">
<area shape="rect" href="$util_8h.html" title="Public declarations for Utilities module." alt="" coords="2163,161,2219,188">
<area shape="rect" href="$track_8h.html" title="Declaration of tracking routines." alt="" coords="2243,161,2312,188">
<area shape="rect" href="$varmath_8h.html" title="Public declarations for Variable Math module." alt="" coords="2336,161,2432,188">
<area shape="rect" href="$custom_8h.html" title="Declarations for Custom module." alt="" coords="2456,161,2544,188">
