<area shape="rect" href="$base_8h.html" title="Public declarations for Data Types, Data Interface, and Handles Modules." alt="" coords="475,84,544,111">
<area shape="rect" href="$storage_8h.html" title="Public declarations for Simple Data Objects Module." alt="" coords="568,84,656,111">
<area shape="rect" href="$library_8h.html" title="Public declarations for the Library Module." alt="" coords="680,84,757,111">
<area shape="rect" href="$dataset_8h.html" title="Public declarations for the Dataset Module." alt="" coords="781,84,869,111">
<area shape="rect" href="$mesh_8h.html" title="Public declarations for the Mesh Module." alt="" coords="893,84,968,111">
<area shape="rect" href="$variable_8h.html" title="Public declarations for Variable Module." alt="" coords="992,84,1085,111">
<area shape="rect" href="$subset_8h.html" title="Public declarations for Subset module." alt="" coords="1109,84,1189,111">
<area shape="rect" href="$topo_8h.html" title="Public declarations for Topological Relations module." alt="" coords="1213,84,1280,111">
<area shape="rect" href="$util_8h.html" title="Public declarations for Utilities module." alt="" coords="344,84,400,111">
<area shape="rect" href="$meshP_8h.html" title="Private declarations for the Mesh module." alt="" coords="1413,84,1493,111">
<area shape="rect" href="$subsetP_8h.html" title="Private declarations for the Subset module." alt="" coords="1304,84,1389,111">
<area shape="rect" href="$topoP_8h.html" title="Private declarations for Topological Relations module." alt="" coords="1517,84,1589,111">
<area shape="rect" href="$geom_8h.html" title="Public declarations for Geometric Relations module." alt="" coords="1613,84,1691,111">
<area shape="rect" href="$geomP_8h.html" title="Private declarations for Geometric Relations module." alt="" coords="1715,84,1797,111">
<area shape="rect" href="$tableP_8h.html" title="Private declarations for Table (Private) module." alt="" coords="1264,161,1341,188">
<area shape="rect" href="$fileio_8h.html" title="Public declarations for File IO module." alt="" coords="1365,161,1435,188">
<area shape="rect" href="$fileioP_8h.html" title="Private declarations for File IO module." alt="" coords="1459,161,1533,188">
<area shape="rect" href="$lsdynaioP_8h.html" title="Private declarations for (Private LS&#45;Dyna IO) module." alt="" coords="1447,239,1545,265">
<area shape="rect" href="$statistics_8h.html" title="Public declarations for Statistics Routines module." alt="" coords="1604,161,1700,188">
