<area shape="rect" href="$base_8c.html" title="Implementation for Data Types, Data Interface, and Handles Modules." alt="" coords="1000,84,1133,111">
<area shape="rect" href="$custom_8c.html" title="Implementation of Custom module." alt="" coords="1157,84,1309,111">
<area shape="rect" href="$dataset_8c.html" title="Implementation for Dataset module." alt="" coords="1333,84,1488,111">
<area shape="rect" href="$elemdeath_8c.html" title="Implementation of Element Death module." alt="" coords="1512,84,1691,111">
<area shape="rect" href="$exodusio_8c.html" title="Implementation for (Private Exodus IO) module." alt="" coords="1715,84,1880,111">
<area shape="rect" href="$fc_8h.html" title="Master header file for FCLib." alt="" coords="1904,84,2019,111">
<area shape="rect" href="$feature_8c.html" title="Implementation for Features module." alt="" coords="2043,84,2195,111">
<area shape="rect" href="$fileio_8c.html" title="Implementation for File IO module." alt="" coords="2219,84,2352,111">
<area shape="rect" href="$geom_8c.html" title="Implementation of Geometric Relations module." alt="" coords="2376,84,2517,111">
<area shape="rect" href="$library_8c.html" title="Implementation for Library module." alt="" coords="2541,84,2685,111">
<area shape="rect" href="$lsdynaio_8c.html" title="Implementation for (Private LS&#45;Dyna IO) module." alt="" coords="2709,84,2869,111">
<area shape="rect" href="$mesh_8c.html" title="Implementation for Mesh module." alt="" coords="2893,84,3032,111">
<area shape="rect" href="$sequence_8c.html" title="Implementation for Sequence module." alt="" coords="3056,84,3227,111">
<area shape="rect" href="$series_8c.html" title="Declarations for Series Routines Module." alt="" coords="3251,84,3392,111">
<area shape="rect" href="$shape_8c.html" title="Implementation for Shape modle." alt="" coords="3416,84,3560,111">
<area shape="rect" href="$sierra_8c.html" title="Implementation of the Sierra module." alt="" coords="3584,84,3723,111">
<area shape="rect" href="$statistics_8c.html" title="Implementation for Statistics Routines module." alt="" coords="3747,84,3907,111">
<area shape="rect" href="$storage_8c.html" title="Implementation for Simple Data Objects Module." alt="" coords="3931,84,4085,111">
<area shape="rect" href="$subset_8c.html" title="Implementation for the Subset module." alt="" coords="4109,84,4256,111">
<area shape="rect" href="$table_8c.html" title="Implementation for Table (Private) module." alt="" coords="4280,84,4416,111">
<area shape="rect" href="$threshold_8c.html" title="Implementation for Threshold module." alt="" coords="4440,84,4608,111">
<area shape="rect" href="$topo_8c.html" title="Implementation for Topological Relations module." alt="" coords="4632,84,4765,111">
<area shape="rect" href="$track_8c.html" title="Implementation of Feature Tracking module." alt="" coords="4789,84,4925,111">
<area shape="rect" href="$util_8c.html" title="Implementation for Utilities module." alt="" coords="4949,84,5072,111">
<area shape="rect" href="$variable_8c.html" title="Implementation for Variable module." alt="" coords="5096,84,5253,111">
<area shape="rect" href="$varmath_8c.html" title="Implementation for Variable Math module." alt="" coords="5277,84,5437,111">
<area shape="rect" href="$analyzeSpotWelds_8c.html" title="Analysis of the spot weld behavior in the results of a Presto Simulation." alt="" coords="5,161,208,188">
<area shape="rect" href="$bb2exo_8c.html" title="Convert bounding box file to exodus dataset." alt="" coords="232,161,357,188">
<area shape="rect" href="$edgeStats_8c.html" title="Report edge length statistics on a dataset." alt="" coords="381,161,525,188">
<area shape="rect" href="$extents_8c.html" title="Report the extents of a dataset and its meshes." alt="" coords="549,161,675,188">
<area shape="rect" href="$fc2ensight_8c.html" title="Conversion program." alt="" coords="699,161,845,188">
<area shape="rect" href="$fcconvert_8c.html" title="Convert a dataset to a different file type." alt="" coords="869,161,1008,188">
<area shape="rect" href="$fcdump_8c.html" title="Read a dataset and spit out it&#39;s information to standard output." alt="" coords="1032,161,1160,188">
<area shape="rect" href="$fcswapAssoc_8c.html" title="Given a dataset, convert element data to vertex data, or vice versa." alt="" coords="1184,161,1344,188">
<area shape="rect" href="$gaplines_8c.html" title="Look at gaps by creatings lines connecting the surfaces of two meshes." alt="" coords="1368,161,1501,188">
<area shape="rect" href="$geomExtract_8c.html" title="Extract the requested geometry to a new dataset." alt="" coords="1525,161,1688,188">
<area shape="rect" href="$loadHistory_8c.html" title="Calculate the load history on a subset of a mesh." alt="" coords="1712,161,1864,188">
<area shape="rect" href="$maxStress_8c.html" title="Report regions of maximum stress, either in compression or tension." alt="" coords="1888,161,2035,188">
<area shape="rect" href="$regionreassembler_8c.html" title="if have run subsetter with promote, works on out exodus file to copy var back to..." alt="" coords="2059,161,2264,188">
<area shape="rect" href="$screwBreaks_8c.html" title="screw breaking analysis" alt="" coords="2288,161,2448,188">
<area shape="rect" href="$seriesAnalyzer_8c.html" title="reads in series and does some analyses on them." alt="" coords="2472,161,2645,188">
<area shape="rect" href="$build__ensemble_8c.html" title="tools/skeleton/build_ensemble.c" alt="" coords="2669,161,2920,188">
<area shape="rect" href="$generate__tree_8c.html" title="tools/skeleton/generate_tree.c" alt="" coords="2944,161,3184,188">
<area shape="rect" href="$lib__skeleton_8c.html" title="tools/skeleton/lib_skeleton.c" alt="" coords="3208,161,3429,188">
<area shape="rect" href="$whittle__tree_8c.html" title="tools/skeleton/whittle_tree.c" alt="" coords="3453,161,3675,188">
<area shape="rect" href="$subsetter_8c.html" title="given a var (elem or nodal) name and some condition, writes out a subsets (or promoted..." alt="" coords="3699,161,3835,188">
<area shape="rect" href="$tearCompare_8c.html" title="Report how tears from two different datasets compare." alt="" coords="3859,161,4027,188">
<area shape="rect" href="$tears_8c.html" title="Report tear characterizations on given dataset." alt="" coords="4051,161,4157,188">
<area shape="rect" href="$threshBoundBox_8c.html" title="Generate bounding boxes in a dataset based on thresholding a variable." alt="" coords="4181,161,4371,188">
