<area shape="rect" href="$base_8h.html" title="Public declarations for Data Types, Data Interface, and Handles Modules." alt="" coords="195,84,264,111">
<area shape="rect" href="$storage_8h.html" title="Public declarations for Simple Data Objects Module." alt="" coords="288,84,376,111">
<area shape="rect" href="$dataset_8h.html" title="Public declarations for the Dataset Module." alt="" coords="400,84,488,111">
<area shape="rect" href="$datasetP_8h.html" title="Private declarations for the Dataset module." alt="" coords="848,84,941,111">
<area shape="rect" href="$sequenceP_8h.html" title="Private declarations for the Sequence module." alt="" coords="965,84,1075,111">
<area shape="rect" href="$meshP_8h.html" title="Private declarations for the Mesh module." alt="" coords="512,84,592,111">
<area shape="rect" href="$subsetP_8h.html" title="Private declarations for the Subset module." alt="" coords="616,84,701,111">
<area shape="rect" href="$variableP_8h.html" title="Private declarations for Variable module." alt="" coords="725,84,824,111">
<area shape="rect" href="$library_8h.html" title="Public declarations for the Library Module." alt="" coords="1099,84,1176,111">
<area shape="rect" href="$libraryP_8h.html" title="Private declarations for the Library module." alt="" coords="1200,84,1285,111">
<area shape="rect" href="$tableP_8h.html" title="Private declarations for Table (Private) module." alt="" coords="639,161,716,188">
<area shape="rect" href="$fileio_8h.html" title="Public declarations for File IO module." alt="" coords="740,161,809,188">
<area shape="rect" href="$fileioP_8h.html" title="Private declarations for File IO module." alt="" coords="833,161,908,188">
<area shape="rect" href="$lsdynaioP_8h.html" title="Private declarations for (Private LS&#45;Dyna IO) module." alt="" coords="821,239,920,265">
