<area shape="rect" href="$base_8h.html" title="Public declarations for Data Types, Data Interface, and Handles Modules." alt="" coords="293,84,363,111">
<area shape="rect" href="$storage_8h.html" title="Public declarations for Simple Data Objects Module." alt="" coords="387,84,475,111">
<area shape="rect" href="$library_8h.html" title="Public declarations for the Library Module." alt="" coords="499,84,576,111">
<area shape="rect" href="$util_8h.html" title="Public declarations for Utilities module." alt="" coords="600,84,656,111">
<area shape="rect" href="$tableP_8h.html" title="Private declarations for Table (Private) module." alt="" coords="831,161,908,188">
<area shape="rect" href="$datasetP_8h.html" title="Private declarations for the Dataset module." alt="" coords="864,84,957,111">
<area shape="rect" href="$fileioP_8h.html" title="Private declarations for File IO module." alt="" coords="1025,161,1100,188">
<area shape="rect" href="$meshP_8h.html" title="Private declarations for the Mesh module." alt="" coords="981,84,1061,111">
<area shape="rect" href="$variableP_8h.html" title="Private declarations for Variable module." alt="" coords="1085,84,1184,111">
<area shape="rect" href="$statistics_8h.html" title="Public declarations for Statistics Routines module." alt="" coords="1259,84,1355,111">
<area shape="rect" href="$sequence_8h.html" title="Public declarations for the Sequence Module." alt="" coords="1379,84,1483,111">
<area shape="rect" href="$sequenceP_8h.html" title="Private declarations for the Sequence module." alt="" coords="731,84,840,111">
<area shape="rect" href="$fileio_8h.html" title="Public declarations for File IO module." alt="" coords="932,161,1001,188">
<area shape="rect" href="$lsdynaioP_8h.html" title="Private declarations for (Private LS&#45;Dyna IO) module." alt="" coords="1013,239,1112,265">
