<area shape="rect" href="$dataset_8c.html" title="Implementation for Dataset module." alt="" coords="2436,84,2591,111">
<area shape="rect" href="$elemdeath_8c.html" title="Implementation of Element Death module." alt="" coords="2615,84,2793,111">
<area shape="rect" href="$exodusio_8c.html" title="Implementation for (Private Exodus IO) module." alt="" coords="2817,84,2983,111">
<area shape="rect" href="$fc_8h.html" title="Master header file for FCLib." alt="" coords="3007,84,3121,111">
<area shape="rect" href="$fileio_8c.html" title="Implementation for File IO module." alt="" coords="3145,84,3279,111">
<area shape="rect" href="$lsdynaio_8c.html" title="Implementation for (Private LS&#45;Dyna IO) module." alt="" coords="3303,84,3463,111">
<area shape="rect" href="$mesh_8c.html" title="Implementation for Mesh module." alt="" coords="3487,84,3625,111">
<area shape="rect" href="$sequence_8c.html" title="Implementation for Sequence module." alt="" coords="3649,84,3820,111">
<area shape="rect" href="$series_8c.html" title="Declarations for Series Routines Module." alt="" coords="3844,84,3985,111">
<area shape="rect" href="$statistics_8c.html" title="Implementation for Statistics Routines module." alt="" coords="4009,84,4169,111">
<area shape="rect" href="$subset_8c.html" title="Implementation for the Subset module." alt="" coords="4193,84,4340,111">
<area shape="rect" href="$variable_8c.html" title="Implementation for Variable module." alt="" coords="4364,84,4521,111">
<area shape="rect" href="$analyzeSpotWelds_8c.html" title="Analysis of the spot weld behavior in the results of a Presto Simulation." alt="" coords="5,161,208,188">
<area shape="rect" href="$bb2exo_8c.html" title="Convert bounding box file to exodus dataset." alt="" coords="232,161,357,188">
<area shape="rect" href="$edgeStats_8c.html" title="Report edge length statistics on a dataset." alt="" coords="381,161,525,188">
<area shape="rect" href="$extents_8c.html" title="Report the extents of a dataset and its meshes." alt="" coords="549,161,675,188">
<area shape="rect" href="$fc2ensight_8c.html" title="Conversion program." alt="" coords="699,161,845,188">
<area shape="rect" href="$fcconvert_8c.html" title="Convert a dataset to a different file type." alt="" coords="869,161,1008,188">
<area shape="rect" href="$fcdump_8c.html" title="Read a dataset and spit out it&#39;s information to standard output." alt="" coords="1032,161,1160,188">
<area shape="rect" href="$fcswapAssoc_8c.html" title="Given a dataset, convert element data to vertex data, or vice versa." alt="" coords="1184,161,1344,188">
<area shape="rect" href="$gaplines_8c.html" title="Look at gaps by creatings lines connecting the surfaces of two meshes." alt="" coords="1368,161,1501,188">
<area shape="rect" href="$geomExtract_8c.html" title="Extract the requested geometry to a new dataset." alt="" coords="1525,161,1688,188">
<area shape="rect" href="$loadHistory_8c.html" title="Calculate the load history on a subset of a mesh." alt="" coords="1712,161,1864,188">
<area shape="rect" href="$maxStress_8c.html" title="Report regions of maximum stress, either in compression or tension." alt="" coords="1888,161,2035,188">
<area shape="rect" href="$regionreassembler_8c.html" title="if have run subsetter with promote, works on out exodus file to copy var back to..." alt="" coords="2059,161,2264,188">
<area shape="rect" href="$screwBreaks_8c.html" title="screw breaking analysis" alt="" coords="2288,161,2448,188">
<area shape="rect" href="$seriesAnalyzer_8c.html" title="reads in series and does some analyses on them." alt="" coords="2472,161,2645,188">
<area shape="rect" href="$build__ensemble_8c.html" title="tools/skeleton/build_ensemble.c" alt="" coords="2669,161,2920,188">
<area shape="rect" href="$generate__tree_8c.html" title="tools/skeleton/generate_tree.c" alt="" coords="2944,161,3184,188">
<area shape="rect" href="$lib__skeleton_8c.html" title="tools/skeleton/lib_skeleton.c" alt="" coords="3208,161,3429,188">
<area shape="rect" href="$whittle__tree_8c.html" title="tools/skeleton/whittle_tree.c" alt="" coords="3453,161,3675,188">
<area shape="rect" href="$subsetter_8c.html" title="given a var (elem or nodal) name and some condition, writes out a subsets (or promoted..." alt="" coords="3699,161,3835,188">
<area shape="rect" href="$tearCompare_8c.html" title="Report how tears from two different datasets compare." alt="" coords="3859,161,4027,188">
<area shape="rect" href="$tears_8c.html" title="Report tear characterizations on given dataset." alt="" coords="4051,161,4157,188">
<area shape="rect" href="$threshBoundBox_8c.html" title="Generate bounding boxes in a dataset based on thresholding a variable." alt="" coords="4181,161,4371,188">
<area shape="rect" href="$varNormalize_8c.html" title="Create a new dataset in which the desired variable has been normalized." alt="" coords="4395,161,4563,188">
<area shape="rect" href="$varSmooth_8c.html" title="Create a new dataset in which the desired variable has been smoothed." alt="" coords="4587,161,4739,188">
<area shape="rect" href="$varStats_8c.html" title="Report variable statistics on a dataset." alt="" coords="4763,161,4893,188">
<area shape="rect" href="$volumeSegments_8c.html" title="calculate volumes of segments of dataset based on thresholding a variable." alt="" coords="4917,161,5117,188">
<area shape="rect" href="$windowVars_8c.html" title="window averages the seq vars on a dataset" alt="" coords="5141,161,5296,188">
<area shape="rect" href="$elemdeath__ex1_8c.html" title="Example of using some of the elemdeath module and related calls." alt="" coords="5320,161,5541,188">
<area shape="rect" href="$ex1__intro_8c.html" title="Example of basic use of the library." alt="" coords="5565,161,5739,188">
<area shape="rect" href="$ex2__bigDataAccess_8c.html" title="Example of accessing big data." alt="" coords="5763,161,6008,188">
<area shape="rect" href="$ex3__createCharactrztn_8c.html" title="Example of creating a new characterization." alt="" coords="6032,161,6304,188">
<area shape="rect" href="$seriesDemo_8c.html" title="demo on how to do shiftAndScale of SeqVars and some analyses." alt="" coords="6328,161,6520,188">
