<area shape="rect" href="$base_8h.html" title="Public declarations for Data Types, Data Interface, and Handles Modules." alt="" coords="528,84,597,111">
<area shape="rect" href="$storage_8h.html" title="Public declarations for Simple Data Objects Module." alt="" coords="621,84,709,111">
<area shape="rect" href="$library_8h.html" title="Public declarations for the Library Module." alt="" coords="733,84,811,111">
<area shape="rect" href="$sequence_8h.html" title="Public declarations for the Sequence Module." alt="" coords="835,84,939,111">
<area shape="rect" href="$mesh_8h.html" title="Public declarations for the Mesh Module." alt="" coords="963,84,1037,111">
<area shape="rect" href="$variable_8h.html" title="Public declarations for Variable Module." alt="" coords="1061,84,1155,111">
<area shape="rect" href="$datasetP_8h.html" title="Private declarations for the Dataset module." alt="" coords="1179,84,1272,111">
<area shape="rect" href="$variableP_8h.html" title="Private declarations for Variable module." alt="" coords="1296,84,1395,111">
<area shape="rect" href="$util_8h.html" title="Public declarations for Utilities module." alt="" coords="448,84,504,111">
<area shape="rect" href="$varmath_8h.html" title="Public declarations for Variable Math module." alt="" coords="1419,84,1515,111">
<area shape="rect" href="$statistics_8h.html" title="Public declarations for Statistics Routines module." alt="" coords="1539,84,1635,111">
<area shape="rect" href="$series_8h.html" title="Public declarations for Series Routines module." alt="" coords="1659,84,1733,111">
<area shape="rect" href="$seriesP_8h.html" title="Private declarations for Series Routines module." alt="" coords="1757,84,1837,111">
<area shape="rect" href="$tableP_8h.html" title="Private declarations for Table (Private) module." alt="" coords="1149,161,1227,188">
<area shape="rect" href="$fileio_8h.html" title="Public declarations for File IO module." alt="" coords="1251,161,1320,188">
<area shape="rect" href="$fileioP_8h.html" title="Private declarations for File IO module." alt="" coords="1344,161,1419,188">
<area shape="rect" href="$lsdynaioP_8h.html" title="Private declarations for (Private LS&#45;Dyna IO) module." alt="" coords="1332,239,1431,265">
