<area shape="rect" href="$base_8h.html" title="Public declarations for Data Types, Data Interface, and Handles Modules." alt="" coords="424,84,493,111">
<area shape="rect" href="$storage_8h.html" title="Public declarations for Simple Data Objects Module." alt="" coords="517,84,605,111">
<area shape="rect" href="$library_8h.html" title="Public declarations for the Library Module." alt="" coords="629,84,707,111">
<area shape="rect" href="$mesh_8h.html" title="Public declarations for the Mesh Module." alt="" coords="731,84,805,111">
<area shape="rect" href="$meshP_8h.html" title="Private declarations for the Mesh module." alt="" coords="829,84,909,111">
<area shape="rect" href="$subset_8h.html" title="Public declarations for Subset module." alt="" coords="1043,84,1123,111">
<area shape="rect" href="$subsetP_8h.html" title="Private declarations for the Subset module." alt="" coords="933,84,1019,111">
<area shape="rect" href="$variable_8h.html" title="Public declarations for Variable Module." alt="" coords="1147,84,1240,111">
<area shape="rect" href="$util_8h.html" title="Public declarations for Utilities module." alt="" coords="344,84,400,111">
<area shape="rect" href="$geom_8h.html" title="Public declarations for Geometric Relations module." alt="" coords="1264,84,1341,111">
<area shape="rect" href="$geomP_8h.html" title="Private declarations for Geometric Relations module." alt="" coords="1365,84,1448,111">
<area shape="rect" href="$topo_8h.html" title="Public declarations for Topological Relations module." alt="" coords="1472,84,1539,111">
<area shape="rect" href="$shape_8h.html" title="Declarations for Shape module." alt="" coords="1563,84,1640,111">
<area shape="rect" href="$shapeP_8h.html" title="Private declarations for Shape module." alt="" coords="1664,84,1747,111">
<area shape="rect" href="$tableP_8h.html" title="Private declarations for Table (Private) module." alt="" coords="787,161,864,188">
<area shape="rect" href="$fileio_8h.html" title="Public declarations for File IO module." alt="" coords="888,161,957,188">
<area shape="rect" href="$fileioP_8h.html" title="Private declarations for File IO module." alt="" coords="981,161,1056,188">
<area shape="rect" href="$lsdynaioP_8h.html" title="Private declarations for (Private LS&#45;Dyna IO) module." alt="" coords="969,239,1068,265">
<area shape="rect" href="$statistics_8h.html" title="Public declarations for Statistics Routines module." alt="" coords="1255,161,1351,188">
