<area shape="rect" href="$base_8h.html" title="Public declarations for Data Types, Data Interface, and Handles Modules." alt="" coords="344,84,413,111">
<area shape="rect" href="$storage_8h.html" title="Public declarations for Simple Data Objects Module." alt="" coords="437,84,525,111">
<area shape="rect" href="$library_8h.html" title="Public declarations for the Library Module." alt="" coords="549,84,627,111">
<area shape="rect" href="$mesh_8h.html" title="Public declarations for the Mesh Module." alt="" coords="651,84,725,111">
<area shape="rect" href="$subset_8h.html" title="Public declarations for Subset module." alt="" coords="749,84,829,111">
<area shape="rect" href="$variable_8h.html" title="Public declarations for Variable Module." alt="" coords="853,84,947,111">
<area shape="rect" href="$meshP_8h.html" title="Private declarations for the Mesh module." alt="" coords="1051,84,1131,111">
<area shape="rect" href="$util_8h.html" title="Public declarations for Utilities module." alt="" coords="971,84,1027,111">
<area shape="rect" href="$geom_8h.html" title="Public declarations for Geometric Relations module." alt="" coords="1155,84,1232,111">
<area shape="rect" href="$geomP_8h.html" title="Private declarations for Geometric Relations module." alt="" coords="1256,84,1339,111">
<area shape="rect" href="$varmathP_8h.html" title="Private declarations for Variable Math module." alt="" coords="1363,84,1464,111">
<area shape="rect" href="$sierra_8h.html" title="Public declarations for the Sierra module." alt="" coords="1488,84,1563,111">
<area shape="rect" href="$sierraP_8h.html" title="Priate declarations for the Sierra module." alt="" coords="1587,84,1667,111">
<area shape="rect" href="$tableP_8h.html" title="Private declarations for Table (Private) module." alt="" coords="955,161,1032,188">
<area shape="rect" href="$fileio_8h.html" title="Public declarations for File IO module." alt="" coords="1056,161,1125,188">
<area shape="rect" href="$fileioP_8h.html" title="Private declarations for File IO module." alt="" coords="1149,161,1224,188">
<area shape="rect" href="$lsdynaioP_8h.html" title="Private declarations for (Private LS&#45;Dyna IO) module." alt="" coords="1137,239,1236,265">
<area shape="rect" href="$statistics_8h.html" title="Public declarations for Statistics Routines module." alt="" coords="1248,161,1344,188">
