<area shape="rect" href="$base_8h.html" title="Public declarations for Data Types, Data Interface, and Handles Modules." alt="" coords="424,84,493,111">
<area shape="rect" href="$storage_8h.html" title="Public declarations for Simple Data Objects Module." alt="" coords="517,84,605,111">
<area shape="rect" href="$library_8h.html" title="Public declarations for the Library Module." alt="" coords="629,84,707,111">
<area shape="rect" href="$sequenceP_8h.html" title="Private declarations for the Sequence module." alt="" coords="731,84,840,111">
<area shape="rect" href="$sequence_8h.html" title="Public declarations for the Sequence Module." alt="" coords="987,84,1091,111">
<area shape="rect" href="$subset_8h.html" title="Public declarations for Subset module." alt="" coords="1115,84,1195,111">
<area shape="rect" href="$variable_8h.html" title="Public declarations for Variable Module." alt="" coords="1219,84,1312,111">
<area shape="rect" href="$variableP_8h.html" title="Private declarations for Variable module." alt="" coords="864,84,963,111">
<area shape="rect" href="$util_8h.html" title="Public declarations for Utilities module." alt="" coords="344,84,400,111">
<area shape="rect" href="$statistics_8h.html" title="Public declarations for Statistics Routines module." alt="" coords="1336,84,1432,111">
<area shape="rect" href="$tableP_8h.html" title="Private declarations for Table (Private) module." alt="" coords="713,161,791,188">
<area shape="rect" href="$fileio_8h.html" title="Public declarations for File IO module." alt="" coords="815,161,884,188">
<area shape="rect" href="$fileioP_8h.html" title="Private declarations for File IO module." alt="" coords="908,161,983,188">
<area shape="rect" href="$lsdynaioP_8h.html" title="Private declarations for (Private LS&#45;Dyna IO) module." alt="" coords="896,239,995,265">
