<area shape="rect" title="elemType" alt="" coords="717,79,725,87">
<area shape="rect" title="elemType" alt="" coords="901,213,909,221">
<area shape="rect" title="coords" alt="" coords="683,127,691,135">
<area shape="rect" title="coords" alt="" coords="895,213,903,221">
<area shape="rect" href="$structFC__Dataset.html" title="Dataset Handle." alt="" coords="423,305,524,332">
<area shape="rect" title="ds" alt="" coords="521,307,529,315">
<area shape="rect" title="ds" alt="" coords="849,241,857,249">
<area shape="rect" title="coordVarID\nnumElemPerEdge\nseqVarIDs\nedgeToVertConns\nelemParentsPerFace\nnumElemPerVert\ndim\nfaceParentsPerVert\nelemToEdgeConns\nbasicVarIDs\n..." alt="" coords="37,268,45,276">
<area shape="rect" title="coordVarID\nnumElemPerEdge\nseqVarIDs\nedgeToVertConns\nelemParentsPerFace\nnumElemPerVert\ndim\nfaceParentsPerVert\nelemToEdgeConns\nbasicVarIDs\n..." alt="" coords="863,213,871,221">
<area shape="rect" title="uID\nslotID" alt="" coords="37,296,45,304">
<area shape="rect" title="uID\nslotID" alt="" coords="419,323,427,331">
<area shape="rect" href="$struct__FC__SlotHeader.html" title="Slot Header." alt="" coords="215,416,348,443">
<area shape="rect" title="uID\nslotID\ncommitted" alt="" coords="31,296,39,304">
<area shape="rect" title="uID\nslotID\ncommitted" alt="" coords="225,440,233,448">
<area shape="rect" href="$struct__FC__MeshFileIOInfo.html" title="Struct to hold info about the file format for mesh." alt="" coords="572,217,729,244">
<area shape="rect" title="id" alt="" coords="48,281,56,289">
<area shape="rect" title="id" alt="" coords="571,241,579,249">
<area shape="rect" href="$struct__FC__MeshLSDynaIOInfo.html" title="Struct hold info about the file format for mesh." alt="" coords="187,217,376,244">
<area shape="rect" title="meshID" alt="" coords="48,273,56,281">
<area shape="rect" title="meshID" alt="" coords="183,241,191,249">
<area shape="rect" title="header" alt="" coords="345,416,353,424">
<area shape="rect" title="header" alt="" coords="884,241,892,249">
<area shape="rect" title="name" alt="" coords="55,476,63,484">
<area shape="rect" title="name" alt="" coords="248,440,256,448">
<area shape="rect" title="faceTypes" alt="" coords="723,413,731,421">
<area shape="rect" title="faceTypes" alt="" coords="904,241,912,249">
<area shape="rect" title="fileInfo" alt="" coords="727,227,735,235">
<area shape="rect" title="fileInfo" alt="" coords="848,227,856,235">
<area shape="rect" title="dynaInfo" alt="" coords="372,227,380,235">
<area shape="rect" title="dynaInfo" alt="" coords="568,227,576,235">
