<area shape="rect" title="assoc" alt="" coords="353,27,361,35">
<area shape="rect" title="assoc" alt="" coords="521,153,529,161">
<area shape="rect" href="$structFC__Sequence.html" title="Sequence Handle." alt="" coords="216,157,336,184">
<area shape="rect" title="sequence" alt="" coords="332,167,340,175">
<area shape="rect" title="sequence" alt="" coords="473,167,481,175">
<area shape="rect" title="numMember\nstepID\nmaxNumMember" alt="" coords="48,257,56,265">
<area shape="rect" title="numMember\nstepID\nmaxNumMember" alt="" coords="515,181,523,189">
<area shape="rect" title="uID\nslotID" alt="" coords="48,255,56,263">
<area shape="rect" title="uID\nslotID" alt="" coords="212,180,220,188">
<area shape="rect" href="$struct__FC__SlotHeader.html" title="Slot Header." alt="" coords="209,369,343,396">
<area shape="rect" title="uID\nslotID\ncommitted" alt="" coords="32,263,40,271">
<area shape="rect" title="uID\nslotID\ncommitted" alt="" coords="217,393,225,401">
<area shape="rect" href="$structFC__Mesh.html" title="Mesh Handle." alt="" coords="235,56,317,83">
<area shape="rect" title="uID\nslotID" alt="" coords="31,235,39,243">
<area shape="rect" title="uID\nslotID" alt="" coords="231,60,239,68">
<area shape="rect" href="$structFC__SortedIntArray.html" title="Sorted, exclusive, self&#45;exanding int array." alt="" coords="201,107,351,133">
<area shape="rect" title="vals\ntickets\nnextTicket\nmaxNumVal\nnumVal" alt="" coords="45,235,53,243">
<area shape="rect" title="vals\ntickets\nnextTicket\nmaxNumVal\nnumVal" alt="" coords="209,131,217,139">
<area shape="rect" title="header" alt="" coords="340,379,348,387">
<area shape="rect" title="header" alt="" coords="527,181,535,189">
<area shape="rect" title="name" alt="" coords="55,429,63,437">
<area shape="rect" title="name" alt="" coords="245,393,253,401">
<area shape="rect" href="$struct__FC__SubFileIOInfo.html" title="Struct to hold info about the file format for subset." alt="" coords="201,208,351,235">
<area shape="rect" title="fileInfo" alt="" coords="347,208,355,216">
<area shape="rect" title="fileInfo" alt="" coords="483,181,491,189">
<area shape="rect" title="mesh" alt="" coords="315,72,323,80">
<area shape="rect" title="mesh" alt="" coords="512,153,520,161">
<area shape="rect" title="sia" alt="" coords="348,128,356,136">
<area shape="rect" title="sia" alt="" coords="477,153,485,161">
