<area shape="rect" title="exponent\nnormal_scale\nfail_times\ngroup_fails\nucritnorm\nucrittang\nfails\ntangent_scale" alt="" coords="133,31,141,39">
<area shape="rect" title="exponent\nnormal_scale\nfail_times\ngroup_fails\nucritnorm\nucrittang\nfails\ntangent_scale" alt="" coords="647,588,655,596">
<area shape="rect" href="$structFC__SierraSpotWeldInfo.html" title="Container for Sierra spot weld information." alt="" coords="399,484,583,511">
<area shape="rect" title="exponent\nnormal_scale\ntangent_scale" alt="" coords="141,31,149,39">
<area shape="rect" title="exponent\nnormal_scale\ntangent_scale" alt="" coords="408,480,416,488">
<area shape="rect" href="$structFC__SierraFuncInfo.html" title="Container for Sierra function information." alt="" coords="433,219,583,245">
<area shape="rect" title="values\nordinate_max\nabscissa_min\nabscissa_max\nordinate_min" alt="" coords="152,31,160,39">
<area shape="rect" title="values\nordinate_max\nabscissa_min\nabscissa_max\nordinate_min" alt="" coords="488,215,496,223">
<area shape="rect" title="spotwelds" alt="" coords="493,508,501,516">
<area shape="rect" title="spotwelds" alt="" coords="647,584,655,592">
<area shape="rect" title="nodeset_names\nnormal_name\nspotweld_names\ntangent_name\nname\nsideset_names" alt="" coords="415,17,423,25">
<area shape="rect" title="nodeset_names\nnormal_name\nspotweld_names\ntangent_name\nname\nsideset_names" alt="" coords="700,579,708,587">
<area shape="rect" title="nodeset\nsurface_name\ntangent\nnormal\nnodeset_name\nsurface\nname" alt="" coords="377,31,385,39">
<area shape="rect" title="nodeset\nsurface_name\ntangent\nnormal\nnodeset_name\nsurface\nname" alt="" coords="468,480,476,488">
<area shape="rect" title="abscissa_label\ntype\nname\nordinate_label" alt="" coords="384,31,392,39">
<area shape="rect" title="abscissa_label\ntype\nname\nordinate_label" alt="" coords="481,215,489,223">
<area shape="rect" title="tangentId\nnumStep\nnumBrokens\nnumSpotWeld\nfail_stepIds\nnormalId\nnumBrokenTotal\ndecay_cycles" alt="" coords="889,31,897,39">
<area shape="rect" title="tangentId\nnumStep\nnumBrokens\nnumSpotWeld\nfail_stepIds\nnormalId\nnumBrokenTotal\ndecay_cycles" alt="" coords="715,579,723,587">
<area shape="rect" title="tangentId\nnormalId\ndecay_cycles" alt="" coords="872,31,880,39">
<area shape="rect" title="tangentId\nnormalId\ndecay_cycles" alt="" coords="580,489,588,497">
<area shape="rect" title="numValue" alt="" coords="868,17,876,25">
<area shape="rect" title="numValue" alt="" coords="512,215,520,223">
<area shape="rect" href="$structFC__Variable.html" title="Variable Handle." alt="" coords="929,373,1033,400">
<area shape="rect" title="uID\nslotID" alt="" coords="896,31,904,39">
<area shape="rect" title="uID\nslotID" alt="" coords="976,369,984,377">
<area shape="rect" href="$structFC__Subset.html" title="Subset Handle." alt="" coords="1040,373,1136,400">
<area shape="rect" title="uID\nslotID" alt="" coords="908,20,916,28">
<area shape="rect" title="uID\nslotID" alt="" coords="1083,369,1091,377">
<area shape="rect" title="tangent_p\nnormal_p" alt="" coords="503,243,511,251">
<area shape="rect" title="tangent_p\nnormal_p" alt="" coords="488,480,496,488">
<area shape="rect" title="side_displs\nnode_displs" alt="" coords="968,397,976,405">
<area shape="rect" title="side_displs\nnode_displs" alt="" coords="761,579,769,587">
<area shape="rect" title="sidesets\nnodesets" alt="" coords="1077,397,1085,405">
<area shape="rect" title="sidesets\nnodesets" alt="" coords="769,587,777,595">
