<area shape="rect" title="exponent\nnormal_scale\ntangent_scale" alt="" coords="64,31,72,39">
<area shape="rect" title="exponent\nnormal_scale\ntangent_scale" alt="" coords="253,373,261,381">
<area shape="rect" href="$structFC__SierraFuncInfo.html" title="Container for Sierra function information." alt="" coords="171,219,320,245">
<area shape="rect" title="values\nordinate_max\nabscissa_min\nabscissa_max\nordinate_min" alt="" coords="77,31,85,39">
<area shape="rect" title="values\nordinate_max\nabscissa_min\nabscissa_max\nordinate_min" alt="" coords="223,215,231,223">
<area shape="rect" title="nodeset\nsurface_name\ntangent\nnormal\nnodeset_name\nsurface\nname" alt="" coords="492,31,500,39">
<area shape="rect" title="nodeset\nsurface_name\ntangent\nnormal\nnodeset_name\nsurface\nname" alt="" coords="352,373,360,381">
<area shape="rect" title="abscissa_label\ntype\nname\nordinate_label" alt="" coords="443,31,451,39">
<area shape="rect" title="abscissa_label\ntype\nname\nordinate_label" alt="" coords="264,215,272,223">
<area shape="rect" title="tangentId\nnormalId\ndecay_cycles" alt="" coords="328,31,336,39">
<area shape="rect" title="tangentId\nnormalId\ndecay_cycles" alt="" coords="327,373,335,381">
<area shape="rect" title="numValue" alt="" coords="292,31,300,39">
<area shape="rect" title="numValue" alt="" coords="241,215,249,223">
<area shape="rect" title="tangent_p\nnormal_p" alt="" coords="243,243,251,251">
<area shape="rect" title="tangent_p\nnormal_p" alt="" coords="293,373,301,381">
