<area shape="rect" href="$structTear.html" title="Tear" alt="" coords="481,617,532,644">
<area shape="rect" title="tears" alt="" coords="503,641,511,649">
<area shape="rect" title="tears" alt="" coords="503,709,511,717">
<area shape="rect" href="$structTear__Characterization.html" title="Tear_Characterization" alt="" coords="212,519,391,545">
<area shape="rect" title="data" alt="" coords="313,543,321,551">
<area shape="rect" title="data" alt="" coords="488,709,496,717">
<area shape="rect" title="data" alt="" coords="324,543,332,551">
<area shape="rect" title="data" alt="" coords="477,617,485,625">
<area shape="rect" title="displ_exp_uppers\ndamaged_vol_x_damage\nuppers\ndamaged_vol_x_logdamage\ndead_logvol\nlowers\ndiameter\ndispl_exp_lowers\ndamaged_log_vol_x_damage\nexp_uppers\n..." alt="" coords="52,233,60,241">
<area shape="rect" title="displ_exp_uppers\ndamaged_vol_x_damage\nuppers\ndamaged_vol_x_logdamage\ndead_logvol\nlowers\ndiameter\ndispl_exp_lowers\ndamaged_log_vol_x_damage\nexp_uppers\n..." alt="" coords="208,524,216,532">
<area shape="rect" title="numTear\ntearID" alt="" coords="611,17,619,25">
<area shape="rect" title="numTear\ntearID" alt="" coords="551,721,559,729">
<area shape="rect" title="stepID\nmeshID\ntearID" alt="" coords="571,25,579,33">
<area shape="rect" title="stepID\nmeshID\ntearID" alt="" coords="499,613,507,621">
<area shape="rect" title="damaged_numCell\nnumCell\nnumDim\ndead_numCell" alt="" coords="571,19,579,27">
<area shape="rect" title="damaged_numCell\nnumCell\nnumDim\ndead_numCell" alt="" coords="293,515,301,523">
<area shape="rect" href="$structShapeIntersection.html" title="ShapeIntersection" alt="" coords="505,519,657,545">
<area shape="rect" title="subtype\nshapeID\nmajor\nnumIntersections\nmeshID\ntype" alt="" coords="584,31,592,39">
<area shape="rect" title="subtype\nshapeID\nmajor\nnumIntersections\nmeshID\ntype" alt="" coords="573,515,581,523">
<area shape="rect" href="$structFC__SortedIntArray.html" title="Sorted, exclusive, self&#45;exanding int array." alt="" coords="679,209,828,236">
<area shape="rect" title="vals\ntickets\nnextTicket\nmaxNumVal\nnumVal" alt="" coords="603,31,611,39">
<area shape="rect" title="vals\ntickets\nnextTicket\nmaxNumVal\nnumVal" alt="" coords="739,205,747,213">
<area shape="rect" href="$structFC__Subset.html" title="Subset Handle." alt="" coords="785,381,881,408">
<area shape="rect" title="uID\nslotID" alt="" coords="611,17,619,25">
<area shape="rect" title="uID\nslotID" alt="" coords="833,377,841,385">
<area shape="rect" title="shape_intersection" alt="" coords="565,543,573,551">
<area shape="rect" title="shape_intersection" alt="" coords="513,613,521,621">
<area shape="rect" title="intersectedSides" alt="" coords="721,233,729,241">
<area shape="rect" title="intersectedSides" alt="" coords="579,515,587,523">
<area shape="rect" title="region\nexposed" alt="" coords="824,405,832,413">
<area shape="rect" title="region\nexposed" alt="" coords="529,623,537,631">
