<area shape="rect" title="elementCenters" alt="" coords="67,31,75,39">
<area shape="rect" title="elementCenters" alt="" coords="285,325,293,333">
<area shape="rect" href="$structspanning__tree__node__t.html" title="spanning_tree_node_t" alt="" coords="181,191,360,217">
<area shape="rect" title="dist_center" alt="" coords="84,31,92,39">
<area shape="rect" title="dist_center" alt="" coords="243,187,251,195">
<area shape="rect" title="nodes" alt="" coords="276,215,284,223">
<area shape="rect" title="nodes" alt="" coords="344,320,352,328">
<area shape="rect" title="numNodes\nvertPerElement\ndim\nroot\nmesh_is_centers\nnumElement" alt="" coords="404,31,412,39">
<area shape="rect" title="numNodes\nvertPerElement\ndim\nroot\nmesh_is_centers\nnumElement" alt="" coords="363,320,371,328">
<area shape="rect" title="num_descendants\nnum_ancestors\nid_stop\nid_start" alt="" coords="384,19,392,27">
<area shape="rect" title="num_descendants\nnum_ancestors\nid_stop\nid_start" alt="" coords="260,187,268,195">
<area shape="rect" href="$structFC__Mesh.html" title="Mesh Handle." alt="" coords="549,191,632,217">
<area shape="rect" title="uID\nslotID" alt="" coords="419,31,427,39">
<area shape="rect" title="uID\nslotID" alt="" coords="573,187,581,195">
<area shape="rect" title="mesh" alt="" coords="572,215,580,223">
<area shape="rect" title="mesh" alt="" coords="389,320,397,328">
