<area shape="rect" title="binWidths\nupperCoords\nwidths\nlowerCoords" alt="" coords="32,163,40,171">
<area shape="rect" title="binWidths\nupperCoords\nwidths\nlowerCoords" alt="" coords="143,308,151,316">
<area shape="rect" href="$structFC__Variable.html" title="Variable Handle." alt="" coords="257,139,361,165">
<area shape="rect" title="displ" alt="" coords="296,163,304,171">
<area shape="rect" title="displ" alt="" coords="208,301,216,309">
<area shape="rect" title="numBins\nnumDim\nnumVertex\nvertexIDs" alt="" coords="285,23,293,31">
<area shape="rect" title="numBins\nnumDim\nnumVertex\nvertexIDs" alt="" coords="192,301,200,309">
<area shape="rect" title="uID\nslotID" alt="" coords="305,31,313,39">
<area shape="rect" title="uID\nslotID" alt="" coords="305,135,313,143">
<area shape="rect" href="$structFC__Mesh.html" title="Mesh Handle." alt="" coords="385,139,468,165">
<area shape="rect" title="uID\nslotID" alt="" coords="324,31,332,39">
<area shape="rect" title="uID\nslotID" alt="" coords="413,135,421,143">
<area shape="rect" title="mesh" alt="" coords="413,163,421,171">
<area shape="rect" title="mesh" alt="" coords="255,301,263,309">
