<area shape="rect" href="$structTear__Characterization.html" title="Tear_Characterization" alt="" coords="193,313,372,340">
<area shape="rect" title="data" alt="" coords="284,337,292,345">
<area shape="rect" title="data" alt="" coords="456,579,464,587">
<area shape="rect" title="displ_exp_uppers\ndamaged_vol_x_damage\nuppers\ndamaged_vol_x_logdamage\ndead_logvol\nlowers\ndiameter\ndispl_exp_lowers\ndamaged_log_vol_x_damage\nexp_uppers\n..." alt="" coords="33,31,41,39">
<area shape="rect" title="displ_exp_uppers\ndamaged_vol_x_damage\nuppers\ndamaged_vol_x_logdamage\ndead_logvol\nlowers\ndiameter\ndispl_exp_lowers\ndamaged_log_vol_x_damage\nexp_uppers\n..." alt="" coords="209,309,217,317">
<area shape="rect" title="stepID\nmeshID\ntearID" alt="" coords="500,31,508,39">
<area shape="rect" title="stepID\nmeshID\ntearID" alt="" coords="477,579,485,587">
<area shape="rect" title="damaged_numCell\nnumCell\nnumDim\ndead_numCell" alt="" coords="485,19,493,27">
<area shape="rect" title="damaged_numCell\nnumCell\nnumDim\ndead_numCell" alt="" coords="276,309,284,317">
<area shape="rect" href="$structShapeIntersection.html" title="ShapeIntersection" alt="" coords="479,484,631,511">
<area shape="rect" title="subtype\nshapeID\nmajor\nnumIntersections\nmeshID\ntype" alt="" coords="504,31,512,39">
<area shape="rect" title="subtype\nshapeID\nmajor\nnumIntersections\nmeshID\ntype" alt="" coords="545,480,553,488">
<area shape="rect" href="$structFC__SortedIntArray.html" title="Sorted, exclusive, self&#45;exanding int array." alt="" coords="659,313,808,340">
<area shape="rect" title="vals\ntickets\nnextTicket\nmaxNumVal\nnumVal" alt="" coords="516,31,524,39">
<area shape="rect" title="vals\ntickets\nnextTicket\nmaxNumVal\nnumVal" alt="" coords="720,309,728,317">
<area shape="rect" href="$structFC__Subset.html" title="Subset Handle." alt="" coords="764,416,860,443">
<area shape="rect" title="uID\nslotID" alt="" coords="525,16,533,24">
<area shape="rect" title="uID\nslotID" alt="" coords="812,412,820,420">
<area shape="rect" title="shape_intersection" alt="" coords="540,508,548,516">
<area shape="rect" title="shape_intersection" alt="" coords="491,579,499,587">
<area shape="rect" title="intersectedSides" alt="" coords="707,337,715,345">
<area shape="rect" title="intersectedSides" alt="" coords="560,480,568,488">
<area shape="rect" title="region\nexposed" alt="" coords="796,440,804,448">
<area shape="rect" title="region\nexposed" alt="" coords="508,591,516,599">
