<area shape="rect" title="mathtype" alt="" coords="680,12,688,20">
<area shape="rect" title="mathtype" alt="" coords="872,271,880,279">
<area shape="rect" title="assoc" alt="" coords="703,65,711,73">
<area shape="rect" title="assoc" alt="" coords="873,271,881,279">
<area shape="rect" href="$structFC__Sequence.html" title="Sequence Handle." alt="" coords="400,307,520,333">
<area shape="rect" title="sequence" alt="" coords="516,312,524,320">
<area shape="rect" title="sequence" alt="" coords="823,288,831,296">
<area shape="rect" title="numComponent\nstepID\nnumDataPoint" alt="" coords="31,299,39,307">
<area shape="rect" title="numComponent\nstepID\nnumDataPoint" alt="" coords="867,299,875,307">
<area shape="rect" title="uID\nslotID" alt="" coords="47,299,55,307">
<area shape="rect" title="uID\nslotID" alt="" coords="396,325,404,333">
<area shape="rect" href="$structFC__Dataset.html" title="Dataset Handle." alt="" coords="409,176,511,203">
<area shape="rect" title="uID\nslotID" alt="" coords="39,271,47,279">
<area shape="rect" title="uID\nslotID" alt="" coords="405,183,413,191">
<area shape="rect" href="$struct__FC__VarLSDynaIOInfo.html" title="Struct hold info about the file format for variable." alt="" coords="201,400,375,427">
<area shape="rect" title="dataFileNum\nstripeID\ndoDispl\nisStriped" alt="" coords="32,299,40,307">
<area shape="rect" title="dataFileNum\nstripeID\ndoDispl\nisStriped" alt="" coords="241,424,249,432">
<area shape="rect" href="$struct__FC__SlotHeader.html" title="Slot Header." alt="" coords="221,111,355,137">
<area shape="rect" title="uID\nslotID\ncommitted" alt="" coords="29,271,37,279">
<area shape="rect" title="uID\nslotID\ncommitted" alt="" coords="217,123,225,131">
<area shape="rect" href="$structFC__Mesh.html" title="Mesh Handle." alt="" coords="419,241,501,268">
<area shape="rect" title="uID\nslotID" alt="" coords="48,283,56,291">
<area shape="rect" title="uID\nslotID" alt="" coords="415,255,423,263">
<area shape="rect" title="ds" alt="" coords="508,193,516,201">
<area shape="rect" title="ds" alt="" coords="840,271,848,279">
<area shape="rect" href="$struct__FC__VarFileIOInfo.html" title="Struct to hold info about the file format for variable." alt="" coords="553,368,697,395">
<area shape="rect" title="fileInfo" alt="" coords="693,377,701,385">
<area shape="rect" title="fileInfo" alt="" coords="863,299,871,307">
<area shape="rect" title="dynaInfo" alt="" coords="372,401,380,409">
<area shape="rect" title="dynaInfo" alt="" coords="549,384,557,392">
<area shape="rect" title="data_offset" alt="" coords="55,493,63,501">
<area shape="rect" title="data_offset" alt="" coords="257,424,265,432">
<area shape="rect" title="header" alt="" coords="352,123,360,131">
<area shape="rect" title="header" alt="" coords="859,271,867,279">
<area shape="rect" title="name" alt="" coords="55,41,63,49">
<area shape="rect" title="name" alt="" coords="260,107,268,115">
<area shape="rect" title="mesh" alt="" coords="499,253,507,261">
<area shape="rect" title="mesh" alt="" coords="823,279,831,287">
<area shape="rect" title="data" alt="" coords="653,517,661,525">
<area shape="rect" title="data" alt="" coords="872,299,880,307">
<area shape="rect" title="datatype" alt="" coords="679,571,687,579">
<area shape="rect" title="datatype" alt="" coords="872,299,880,307">
