<area shape="rect" href="$dataset_8c.html" title="Implementation for Dataset module." alt="" coords="5,84,160,111">
<area shape="rect" href="$exodusio_8c.html" title="Implementation for (Private Exodus IO) module." alt="" coords="184,84,349,111">
<area shape="rect" href="$fcP_8h.html" title="Master header file for private members and functions of FCLib." alt="" coords="373,84,493,111">
<area shape="rect" href="$fileio_8c.html" title="Implementation for File IO module." alt="" coords="517,84,651,111">
<area shape="rect" href="$geom_8c.html" title="Implementation of Geometric Relations module." alt="" coords="675,84,816,111">
<area shape="rect" href="$library_8c.html" title="Implementation for Library module." alt="" coords="840,84,984,111">
<area shape="rect" href="$lsdynaio_8c.html" title="Implementation for (Private LS&#45;Dyna IO) module." alt="" coords="1008,84,1168,111">
<area shape="rect" href="$mesh_8c.html" title="Implementation for Mesh module." alt="" coords="1192,84,1331,111">
<area shape="rect" href="$shape_8c.html" title="Implementation for Shape modle." alt="" coords="1355,84,1499,111">
<area shape="rect" href="$subset_8c.html" title="Implementation for the Subset module." alt="" coords="1523,84,1669,111">
<area shape="rect" href="$topo_8c.html" title="Implementation for Topological Relations module." alt="" coords="1693,84,1827,111">
<area shape="rect" href="$bb2exo_8c.html" title="Convert bounding box file to exodus dataset." alt="" coords="129,161,255,188">
<area shape="rect" href="$gaplines_8c.html" title="Look at gaps by creatings lines connecting the surfaces of two meshes." alt="" coords="279,161,412,188">
<area shape="rect" href="$tearCompare_8c.html" title="Report how tears from two different datasets compare." alt="" coords="436,161,604,188">
<area shape="rect" href="$tears_8c.html" title="Report tear characterizations on given dataset." alt="" coords="628,161,735,188">
