<area shape="rect" href="$base_8h.html" title="Public declarations for Data Types, Data Interface, and Handles Modules." alt="" coords="293,84,363,111">
<area shape="rect" href="$storage_8h.html" title="Public declarations for Simple Data Objects Module." alt="" coords="387,84,475,111">
<area shape="rect" href="$library_8h.html" title="Public declarations for the Library Module." alt="" coords="499,84,576,111">
<area shape="rect" href="$mesh_8h.html" title="Public declarations for the Mesh Module." alt="" coords="600,84,675,111">
<area shape="rect" href="$variable_8h.html" title="Public declarations for Variable Module." alt="" coords="699,84,792,111">
<area shape="rect" href="$topo_8h.html" title="Public declarations for Topological Relations module." alt="" coords="816,84,883,111">
<area shape="rect" href="$tableP_8h.html" title="Private declarations for Table (Private) module." alt="" coords="1092,161,1169,188">
<area shape="rect" href="$datasetP_8h.html" title="Private declarations for the Dataset module." alt="" coords="1189,84,1283,111">
<area shape="rect" href="$fileioP_8h.html" title="Private declarations for File IO module." alt="" coords="1309,161,1384,188">
<area shape="rect" href="$sequenceP_8h.html" title="Private declarations for the Sequence module." alt="" coords="1307,84,1416,111">
<area shape="rect" href="$meshP_8h.html" title="Private declarations for the Mesh module." alt="" coords="1440,84,1520,111">
<area shape="rect" href="$variableP_8h.html" title="Private declarations for Variable module." alt="" coords="957,84,1056,111">
<area shape="rect" href="$util_8h.html" title="Public declarations for Utilities module." alt="" coords="1595,84,1651,111">
<area shape="rect" href="$subset_8h.html" title="Public declarations for Subset module." alt="" coords="1675,84,1755,111">
<area shape="rect" href="$subsetP_8h.html" title="Private declarations for the Subset module." alt="" coords="1080,84,1165,111">
<area shape="rect" href="$sequence_8h.html" title="Public declarations for the Sequence Module." alt="" coords="1779,84,1883,111">
<area shape="rect" href="$fileio_8h.html" title="Public declarations for File IO module." alt="" coords="1201,161,1271,188">
<area shape="rect" href="$lsdynaioP_8h.html" title="Private declarations for (Private LS&#45;Dyna IO) module." alt="" coords="1297,239,1396,265">
