<area shape="rect" href="$fc_8h.html" title="Master header file for FCLib." alt="" coords="1233,84,1281,111">
<area shape="rect" href="$fcP_8h.html" title="Master header file for private members and functions of FCLib." alt="" coords="3215,84,3268,111">
<area shape="rect" href="$base_8h.html" title="Public declarations for Data Types, Data Interface, and Handles Modules." alt="" coords="1776,161,1845,188">
<area shape="rect" href="$storage_8h.html" title="Public declarations for Simple Data Objects Module." alt="" coords="1869,161,1957,188">
<area shape="rect" href="$library_8h.html" title="Public declarations for the Library Module." alt="" coords="1981,161,2059,188">
<area shape="rect" href="$dataset_8h.html" title="Public declarations for the Dataset Module." alt="" coords="2083,161,2171,188">
<area shape="rect" href="$sequence_8h.html" title="Public declarations for the Sequence Module." alt="" coords="2195,161,2299,188">
<area shape="rect" href="$mesh_8h.html" title="Public declarations for the Mesh Module." alt="" coords="2323,161,2397,188">
<area shape="rect" href="$subset_8h.html" title="Public declarations for Subset module." alt="" coords="2421,161,2501,188">
<area shape="rect" href="$variable_8h.html" title="Public declarations for Variable Module." alt="" coords="99,161,192,188">
<area shape="rect" href="$feature_8h.html" title="Public declarations for Features module." alt="" coords="1325,161,1413,188">
<area shape="rect" href="$shape_8h.html" title="Declarations for Shape module." alt="" coords="1437,161,1515,188">
<area shape="rect" href="$fileio_8h.html" title="Public declarations for File IO module." alt="" coords="3173,239,3243,265">
<area shape="rect" href="$error_8h.html" title="Declarations for Error Handling Module." alt="" coords="1589,161,1656,188">
<area shape="rect" href="$geom_8h.html" title="Public declarations for Geometric Relations module." alt="" coords="899,161,976,188">
<area shape="rect" href="$statistics_8h.html" title="Public declarations for Statistics Routines module." alt="" coords="619,239,715,265">
<area shape="rect" href="$sierra_8h.html" title="Public declarations for the Sierra module." alt="" coords="347,161,421,188">
<area shape="rect" href="$threshold_8h.html" title="Public declarations for Threshold module." alt="" coords="445,161,547,188">
<area shape="rect" href="$elemdeath_8h.html" title="Declarations for Element Death module." alt="" coords="571,161,685,188">
<area shape="rect" href="$series_8h.html" title="Public declarations for Series Routines module." alt="" coords="709,161,784,188">
<area shape="rect" href="$topo_8h.html" title="Public declarations for Topological Relations module." alt="" coords="808,161,875,188">
<area shape="rect" href="$util_8h.html" title="Public declarations for Utilities module." alt="" coords="216,161,272,188">
<area shape="rect" href="$track_8h.html" title="Declaration of tracking routines." alt="" coords="1000,161,1069,188">
<area shape="rect" href="$varmath_8h.html" title="Public declarations for Variable Math module." alt="" coords="1093,161,1189,188">
<area shape="rect" href="$custom_8h.html" title="Declarations for Custom module." alt="" coords="1213,161,1301,188">
<area shape="rect" href="$storageP_8h.html" title="Private declarations for Simple Data Objects Module." alt="" coords="2659,161,2752,188">
<area shape="rect" href="$tableP_8h.html" title="Private declarations for Table (Private) module." alt="" coords="3548,239,3625,265">
<area shape="rect" href="$libraryP_8h.html" title="Private declarations for the Library module." alt="" coords="2776,161,2861,188">
<area shape="rect" href="$datasetP_8h.html" title="Private declarations for the Dataset module." alt="" coords="3648,161,3741,188">
<area shape="rect" href="$fileioP_8h.html" title="Private declarations for File IO module." alt="" coords="3655,239,3729,265">
<area shape="rect" href="$sequenceP_8h.html" title="Private declarations for the Sequence module." alt="" coords="2525,161,2635,188">
<area shape="rect" href="$meshP_8h.html" title="Private declarations for the Mesh module." alt="" coords="3544,161,3624,188">
<area shape="rect" href="$subsetP_8h.html" title="Private declarations for the Subset module." alt="" coords="2885,161,2971,188">
<area shape="rect" href="$variableP_8h.html" title="Private declarations for Variable module." alt="" coords="3765,161,3864,188">
<area shape="rect" href="$geomP_8h.html" title="Private declarations for Geometric Relations module." alt="" coords="2995,161,3077,188">
<area shape="rect" href="$sierraP_8h.html" title="Priate declarations for the Sierra module." alt="" coords="3101,161,3181,188">
<area shape="rect" href="$topoP_8h.html" title="Private declarations for Topological Relations module." alt="" coords="3205,161,3277,188">
<area shape="rect" href="$varmathP_8h.html" title="Private declarations for Variable Math module." alt="" coords="3301,161,3403,188">
<area shape="rect" href="$featureP_8h.html" title="Private declarations for Features module." alt="" coords="3427,161,3520,188">
<area shape="rect" href="$lsdynaioP_8h.html" title="Private declarations for (Private LS&#45;Dyna IO) module." alt="" coords="3643,316,3741,343">
