<area shape="rect" href="$base_8h.html" title="Public declarations for Data Types, Data Interface, and Handles Modules." alt="" coords="293,84,363,111">
<area shape="rect" href="$storage_8h.html" title="Public declarations for Simple Data Objects Module." alt="" coords="387,84,475,111">
<area shape="rect" href="$library_8h.html" title="Public declarations for the Library Module." alt="" coords="499,84,576,111">
<area shape="rect" href="$variable_8h.html" title="Public declarations for Variable Module." alt="" coords="600,84,693,111">
<area shape="rect" href="$variableP_8h.html" title="Private declarations for Variable module." alt="" coords="717,84,816,111">
<area shape="rect" href="$subset_8h.html" title="Public declarations for Subset module." alt="" coords="840,84,920,111">
<area shape="rect" href="$util_8h.html" title="Public declarations for Utilities module." alt="" coords="944,84,1000,111">
<area shape="rect" href="$threshold_8h.html" title="Public declarations for Threshold module." alt="" coords="1024,84,1125,111">
<area shape="rect" href="$tableP_8h.html" title="Private declarations for Table (Private) module." alt="" coords="631,161,708,188">
<area shape="rect" href="$fileio_8h.html" title="Public declarations for File IO module." alt="" coords="732,161,801,188">
<area shape="rect" href="$fileioP_8h.html" title="Private declarations for File IO module." alt="" coords="825,161,900,188">
<area shape="rect" href="$lsdynaioP_8h.html" title="Private declarations for (Private LS&#45;Dyna IO) module." alt="" coords="813,239,912,265">
