<area shape="rect" href="$base_8h.html" title="Public declarations for Data Types, Data Interface, and Handles Modules." alt="" coords="389,84,459,111">
<area shape="rect" href="$storage_8h.html" title="Public declarations for Simple Data Objects Module." alt="" coords="483,84,571,111">
<area shape="rect" href="$storageP_8h.html" title="Private declarations for Simple Data Objects Module." alt="" coords="595,84,688,111">
<area shape="rect" href="$library_8h.html" title="Public declarations for the Library Module." alt="" coords="712,84,789,111">
<area shape="rect" href="$mesh_8h.html" title="Public declarations for the Mesh Module." alt="" coords="813,84,888,111">
<area shape="rect" href="$meshP_8h.html" title="Private declarations for the Mesh module." alt="" coords="912,84,992,111">
<area shape="rect" href="$subset_8h.html" title="Public declarations for Subset module." alt="" coords="1125,84,1205,111">
<area shape="rect" href="$subsetP_8h.html" title="Private declarations for the Subset module." alt="" coords="1016,84,1101,111">
<area shape="rect" href="$geom_8h.html" title="Public declarations for Geometric Relations module." alt="" coords="1229,84,1307,111">
<area shape="rect" href="$geomP_8h.html" title="Private declarations for Geometric Relations module." alt="" coords="1331,84,1413,111">
<area shape="rect" href="$topo_8h.html" title="Public declarations for Topological Relations module." alt="" coords="1437,84,1504,111">
<area shape="rect" href="$topoP_8h.html" title="Private declarations for Topological Relations module." alt="" coords="1528,84,1600,111">
<area shape="rect" href="$tableP_8h.html" title="Private declarations for Table (Private) module." alt="" coords="869,161,947,188">
<area shape="rect" href="$fileio_8h.html" title="Public declarations for File IO module." alt="" coords="971,161,1040,188">
<area shape="rect" href="$fileioP_8h.html" title="Private declarations for File IO module." alt="" coords="1064,161,1139,188">
<area shape="rect" href="$lsdynaioP_8h.html" title="Private declarations for (Private LS&#45;Dyna IO) module." alt="" coords="1052,239,1151,265">
<area shape="rect" href="$statistics_8h.html" title="Public declarations for Statistics Routines module." alt="" coords="1220,161,1316,188">
