<area shape="rect" href="$base_8h.html" title="Public declarations for Data Types, Data Interface, and Handles Modules." alt="" coords="488,84,557,111">
<area shape="rect" href="$storage_8h.html" title="Public declarations for Simple Data Objects Module." alt="" coords="581,84,669,111">
<area shape="rect" href="$library_8h.html" title="Public declarations for the Library Module." alt="" coords="693,84,771,111">
<area shape="rect" href="$dataset_8h.html" title="Public declarations for the Dataset Module." alt="" coords="795,84,883,111">
<area shape="rect" href="$sequence_8h.html" title="Public declarations for the Sequence Module." alt="" coords="907,84,1011,111">
<area shape="rect" href="$mesh_8h.html" title="Public declarations for the Mesh Module." alt="" coords="1035,84,1109,111">
<area shape="rect" href="$tableP_8h.html" title="Private declarations for Table (Private) module." alt="" coords="1280,161,1357,188">
<area shape="rect" href="$datasetP_8h.html" title="Private declarations for the Dataset module." alt="" coords="1307,84,1400,111">
<area shape="rect" href="$fileioP_8h.html" title="Private declarations for File IO module." alt="" coords="1475,161,1549,188">
<area shape="rect" href="$sequenceP_8h.html" title="Private declarations for the Sequence module." alt="" coords="1424,84,1533,111">
<area shape="rect" href="$meshP_8h.html" title="Private declarations for the Mesh module." alt="" coords="1557,84,1637,111">
<area shape="rect" href="$topo_8h.html" title="Public declarations for Topological Relations module." alt="" coords="1712,84,1779,111">
<area shape="rect" href="$variable_8h.html" title="Public declarations for Variable Module." alt="" coords="1803,84,1896,111">
<area shape="rect" href="$variableP_8h.html" title="Private declarations for Variable module." alt="" coords="1184,84,1283,111">
<area shape="rect" href="$fileio_8h.html" title="Public declarations for File IO module." alt="" coords="1381,161,1451,188">
<area shape="rect" href="$lsdynaioP_8h.html" title="Private declarations for (Private LS&#45;Dyna IO) module." alt="" coords="1463,239,1561,265">
