<area shape="rect" href="$base_8h.html" title="Public declarations for Data Types, Data Interface, and Handles Modules." alt="" coords="344,84,413,111">
<area shape="rect" href="$storage_8h.html" title="Public declarations for Simple Data Objects Module." alt="" coords="437,84,525,111">
<area shape="rect" href="$library_8h.html" title="Public declarations for the Library Module." alt="" coords="549,84,627,111">
<area shape="rect" href="$variable_8h.html" title="Public declarations for Variable Module." alt="" coords="651,84,744,111">
<area shape="rect" href="$variableP_8h.html" title="Private declarations for Variable module." alt="" coords="848,84,947,111">
<area shape="rect" href="$util_8h.html" title="Public declarations for Utilities module." alt="" coords="768,84,824,111">
<area shape="rect" href="$varmath_8h.html" title="Public declarations for Variable Math module." alt="" coords="971,84,1067,111">
<area shape="rect" href="$varmathP_8h.html" title="Private declarations for Variable Math module." alt="" coords="1091,84,1192,111">
<area shape="rect" href="$tableP_8h.html" title="Private declarations for Table (Private) module." alt="" coords="905,161,983,188">
<area shape="rect" href="$fileio_8h.html" title="Public declarations for File IO module." alt="" coords="1007,161,1076,188">
<area shape="rect" href="$fileioP_8h.html" title="Private declarations for File IO module." alt="" coords="807,161,881,188">
<area shape="rect" href="$lsdynaioP_8h.html" title="Private declarations for (Private LS&#45;Dyna IO) module." alt="" coords="795,239,893,265">
